============================= test session starts =============================
platform win32 -- Python 3.12.11, pytest-9.0.2, pluggy-1.6.0 -- C:\Users\DELL\github\PyDAVE\.venv\Scripts\python.exe
cachedir: .pytest_cache
rootdir: C:\Users\DELL\github\PyDAVE
configfile: pyproject.toml
collecting ... collected 485 items

tests/test_cipher.py::test_expand_nonce PASSED                           [  0%]
tests/test_cipher.py::test_encrypt_decrypt_full PASSED                   [  0%]
tests/test_cipher.py::test_encrypt_decrypt_with_ranges PASSED            [  0%]
tests/test_cipher.py::test_wrong_tag_fails PASSED                        [  0%]
tests/test_cipher_comprehensive.py::TestExpandNonce96::test_zero_nonce PASSED [  1%]
tests/test_cipher_comprehensive.py::TestExpandNonce96::test_max_nonce PASSED [  1%]
tests/test_cipher_comprehensive.py::TestExpandNonce96::test_nonce_1 PASSED [  1%]
tests/test_cipher_comprehensive.py::TestExpandNonce96::test_little_endian_byte_order PASSED [  1%]
tests/test_cipher_comprehensive.py::TestExpandNonce96::test_negative_raises PASSED [  1%]
tests/test_cipher_comprehensive.py::TestExpandNonce96::test_overflow_raises PASSED [  2%]
tests/test_cipher_comprehensive.py::TestEncryptDecryptFull::test_roundtrip_simple PASSED [  2%]
tests/test_cipher_comprehensive.py::TestEncryptDecryptFull::test_empty_frame PASSED [  2%]
tests/test_cipher_comprehensive.py::TestEncryptDecryptFull::test_tag_length PASSED [  2%]
tests/test_cipher_comprehensive.py::TestEncryptDecryptFull::test_different_nonces_produce_different_ciphertext PASSED [  2%]
tests/test_cipher_comprehensive.py::TestEncryptDecryptFull::test_different_keys_cannot_decrypt PASSED [  3%]
tests/test_cipher_comprehensive.py::TestEncryptDecryptFull::test_wrong_tag_fails PASSED [  3%]
tests/test_cipher_comprehensive.py::TestEncryptDecryptFull::test_wrong_nonce_fails PASSED [  3%]
tests/test_cipher_comprehensive.py::TestEncryptDecryptFull::test_truncated_tag_fails PASSED [  3%]
tests/test_cipher_comprehensive.py::TestEncryptDecryptFull::test_large_payload PASSED [  3%]
tests/test_cipher_comprehensive.py::TestEncryptDecryptFull::test_max_nonce_value PASSED [  4%]
tests/test_cipher_comprehensive.py::TestEncryptDecryptInterleaved::test_single_unencrypted_range_at_start PASSED [  4%]
tests/test_cipher_comprehensive.py::TestEncryptDecryptInterleaved::test_single_unencrypted_range_at_end PASSED [  4%]
tests/test_cipher_comprehensive.py::TestEncryptDecryptInterleaved::test_multiple_unencrypted_ranges PASSED [  4%]
tests/test_cipher_comprehensive.py::TestEncryptDecryptInterleaved::test_entire_frame_unencrypted PASSED [  4%]
tests/test_cipher_comprehensive.py::TestEncryptDecryptInterleaved::test_aad_tamper_fails PASSED [  5%]
tests/test_cipher_comprehensive.py::TestEncryptDecryptInterleaved::test_ciphertext_tamper_fails PASSED [  5%]
tests/test_cipher_comprehensive.py::TestEncryptDecryptInterleaved::test_adjacent_ranges PASSED [  5%]
tests/test_cipher_comprehensive.py::TestProtocolConstants::test_magic_marker PASSED [  5%]
tests/test_cipher_comprehensive.py::TestProtocolConstants::test_gcm_tag_length PASSED [  5%]
tests/test_codecs.py::test_opus_full_encrypt PASSED                      [  6%]
tests/test_codecs.py::test_vp9_full_encrypt PASSED                       [  6%]
tests/test_codecs.py::test_vp8_keyframe PASSED                           [  6%]
tests/test_codecs.py::test_vp8_delta PASSED                              [  6%]
tests/test_codecs.py::test_unknown_codec PASSED                          [  7%]
tests/test_codecs.py::test_h264_non_vcl_one_byte_header PASSED           [  7%]
tests/test_codecs.py::test_h264_vcl_fully_encrypted PASSED               [  7%]
tests/test_codecs.py::test_h265_non_vcl_two_byte_header PASSED           [  7%]
tests/test_codecs.py::test_av1_obu_header_only PASSED                    [  7%]
tests/test_codecs.py::test_av1_obu_with_size PASSED                      [  8%]
tests/test_codecs_comprehensive.py::TestGetUnencryptedRanges::test_opus_full_encrypt PASSED [  8%]
tests/test_codecs_comprehensive.py::TestGetUnencryptedRanges::test_vp9_full_encrypt PASSED [  8%]
tests/test_codecs_comprehensive.py::TestGetUnencryptedRanges::test_unknown_codec_full_encrypt PASSED [  8%]
tests/test_codecs_comprehensive.py::TestGetUnencryptedRanges::test_empty_string_codec PASSED [  8%]
tests/test_codecs_comprehensive.py::TestGetUnencryptedRanges::test_case_insensitive PASSED [  9%]
tests/test_codecs_comprehensive.py::TestGetUnencryptedRanges::test_h264_alias PASSED [  9%]
tests/test_codecs_comprehensive.py::TestGetUnencryptedRanges::test_h265_aliases PASSED [  9%]
tests/test_codecs_comprehensive.py::TestVP8UnencryptedRanges::test_empty_frame PASSED [  9%]
tests/test_codecs_comprehensive.py::TestVP8UnencryptedRanges::test_keyframe_p_bit_0 PASSED [  9%]
tests/test_codecs_comprehensive.py::TestVP8UnencryptedRanges::test_delta_p_bit_1 PASSED [ 10%]
tests/test_codecs_comprehensive.py::TestVP8UnencryptedRanges::test_keyframe_short_frame PASSED [ 10%]
tests/test_codecs_comprehensive.py::TestVP8UnencryptedRanges::test_single_byte_frame PASSED [ 10%]
tests/test_codecs_comprehensive.py::TestVP8UnencryptedRanges::test_p_bit_only_checks_lsb PASSED [ 10%]
tests/test_codecs_comprehensive.py::TestH264UnencryptedRanges::test_empty_frame PASSED [ 10%]
tests/test_codecs_comprehensive.py::TestH264UnencryptedRanges::test_non_vcl_nal_sps PASSED [ 11%]
tests/test_codecs_comprehensive.py::TestH264UnencryptedRanges::test_vcl_nal_fully_encrypted PASSED [ 11%]
tests/test_codecs_comprehensive.py::TestH264UnencryptedRanges::test_4_byte_start_code PASSED [ 11%]
tests/test_codecs_comprehensive.py::TestH264UnencryptedRanges::test_multiple_nals PASSED [ 11%]
tests/test_codecs_comprehensive.py::TestH264UnencryptedRanges::test_no_start_code PASSED [ 11%]
tests/test_codecs_comprehensive.py::TestH265UnencryptedRanges::test_empty_frame PASSED [ 12%]
tests/test_codecs_comprehensive.py::TestH265UnencryptedRanges::test_non_vcl_vps PASSED [ 12%]
tests/test_codecs_comprehensive.py::TestH265UnencryptedRanges::test_vcl_nal_no_ranges PASSED [ 12%]
tests/test_codecs_comprehensive.py::TestH265UnencryptedRanges::test_multiple_nals_mixed PASSED [ 12%]
tests/test_codecs_comprehensive.py::TestLEB128Internal::test_encode_minimal_zero PASSED [ 12%]
tests/test_codecs_comprehensive.py::TestLEB128Internal::test_encode_minimal_127 PASSED [ 13%]
tests/test_codecs_comprehensive.py::TestLEB128Internal::test_encode_minimal_128 PASSED [ 13%]
tests/test_codecs_comprehensive.py::TestLEB128Internal::test_encode_minimal_negative_raises PASSED [ 13%]
tests/test_codecs_comprehensive.py::TestLEB128Internal::test_encode_decode_roundtrip[0] PASSED [ 13%]
tests/test_codecs_comprehensive.py::TestLEB128Internal::test_encode_decode_roundtrip[1] PASSED [ 14%]
tests/test_codecs_comprehensive.py::TestLEB128Internal::test_encode_decode_roundtrip[127] PASSED [ 14%]
tests/test_codecs_comprehensive.py::TestLEB128Internal::test_encode_decode_roundtrip[128] PASSED [ 14%]
tests/test_codecs_comprehensive.py::TestLEB128Internal::test_encode_decode_roundtrip[255] PASSED [ 14%]
tests/test_codecs_comprehensive.py::TestLEB128Internal::test_encode_decode_roundtrip[256] PASSED [ 14%]
tests/test_codecs_comprehensive.py::TestLEB128Internal::test_encode_decode_roundtrip[1000] PASSED [ 15%]
tests/test_codecs_comprehensive.py::TestLEB128Internal::test_encode_decode_roundtrip[65535] PASSED [ 15%]
tests/test_codecs_comprehensive.py::TestLEB128Internal::test_encode_decode_roundtrip[16777215] PASSED [ 15%]
tests/test_codecs_comprehensive.py::TestLEB128Internal::test_encode_minimal_no_padding PASSED [ 15%]
tests/test_codecs_comprehensive.py::TestAV1UnencryptedRanges::test_empty_frame PASSED [ 15%]
tests/test_codecs_comprehensive.py::TestAV1UnencryptedRanges::test_single_obu_header_only PASSED [ 16%]
tests/test_codecs_comprehensive.py::TestAV1UnencryptedRanges::test_obu_with_extension PASSED [ 16%]
tests/test_codecs_comprehensive.py::TestAV1UnencryptedRanges::test_dropped_obu_types PASSED [ 16%]
tests/test_codecs_comprehensive.py::TestAV1UnencryptedRanges::test_multiple_obus PASSED [ 16%]
tests/test_codecs_comprehensive.py::TestAV1UnencryptedRanges::test_last_obu_no_size PASSED [ 16%]
tests/test_codecs_comprehensive.py::TestTransformAV1FrameForEncrypt::test_empty_frame PASSED [ 17%]
tests/test_codecs_comprehensive.py::TestTransformAV1FrameForEncrypt::test_drops_temporal_delimiter PASSED [ 17%]
tests/test_codecs_comprehensive.py::TestTransformAV1FrameForEncrypt::test_drops_padding_obu PASSED [ 17%]
tests/test_codecs_comprehensive.py::TestTransformAV1FrameForEncrypt::test_drops_tile_list PASSED [ 17%]
tests/test_codecs_comprehensive.py::TestTransformAV1FrameForEncrypt::test_last_obu_size_removed PASSED [ 17%]
tests/test_codecs_comprehensive.py::TestTransformAV1FrameForEncrypt::test_padded_leb128_reduced PASSED [ 18%]
tests/test_codecs_comprehensive.py::TestTransformAV1FrameForEncrypt::test_single_obu_frame PASSED [ 18%]
tests/test_codecs_comprehensive.py::TestTransformAV1FrameForEncrypt::test_preserves_payload PASSED [ 18%]
tests/test_codecs_comprehensive.py::TestTransformAV1FrameForEncrypt::test_all_dropped_returns_original PASSED [ 18%]
tests/test_codecs_comprehensive.py::TestTransformAV1FrameForEncrypt::test_extension_byte_preserved PASSED [ 18%]
tests/test_group_state.py::test_get_dave_crypto_provider PASSED          [ 19%]
tests/test_group_state.py::test_create_key_package_returns_tuple PASSED  [ 19%]
tests/test_group_state.py::test_create_group_single_member PASSED        [ 19%]
tests/test_group_state.py::test_export_sender_base_secret_returns_16_bytes PASSED [ 19%]
tests/test_group_state.py::test_create_commit_and_welcome_returns_bytes_and_list PASSED [ 20%]
tests/test_group_state.py::test_apply_commit_invalid_raises PASSED       [ 20%]
tests/test_group_state.py::test_join_from_welcome_invalid_raises PASSED  [ 20%]
tests/test_group_state.py::test_create_remove_proposal_for_self PASSED   [ 20%]
tests/test_group_state.py::test_create_update_proposal PASSED            [ 20%]
tests/test_group_state_comprehensive.py::TestGetDaveCryptoProvider::test_returns_provider PASSED [ 21%]
tests/test_group_state_comprehensive.py::TestGetDaveCryptoProvider::test_idempotent PASSED [ 21%]
tests/test_group_state_comprehensive.py::TestCreateKeyPackage::test_returns_tuple_of_three PASSED [ 21%]
tests/test_group_state_comprehensive.py::TestCreateKeyPackage::test_different_users_different_kps PASSED [ 21%]
tests/test_group_state_comprehensive.py::TestCreateKeyPackage::test_default_crypto PASSED [ 21%]
tests/test_group_state_comprehensive.py::TestCreateKeyPackage::test_large_user_id PASSED [ 22%]
tests/test_group_state_comprehensive.py::TestCreateGroup::test_single_member PASSED [ 22%]
tests/test_group_state_comprehensive.py::TestCreateGroup::test_with_external_sender PASSED [ 22%]
tests/test_group_state_comprehensive.py::TestCreateGroup::test_default_crypto PASSED [ 22%]
tests/test_group_state_comprehensive.py::TestExportSenderBaseSecret::test_returns_16_bytes PASSED [ 22%]
tests/test_group_state_comprehensive.py::TestExportSenderBaseSecret::test_different_user_ids_different_secrets PASSED [ 23%]
tests/test_group_state_comprehensive.py::TestExportSenderBaseSecret::test_deterministic PASSED [ 23%]
tests/test_group_state_comprehensive.py::TestApplyCommit::test_invalid_commit_raises PASSED [ 23%]
tests/test_group_state_comprehensive.py::TestJoinFromWelcome::test_invalid_welcome_raises PASSED [ 23%]
tests/test_group_state_comprehensive.py::TestWriteVarint::test_small_value PASSED [ 23%]
tests/test_group_state_comprehensive.py::TestWriteVarint::test_two_byte PASSED [ 24%]
tests/test_group_state_comprehensive.py::TestWriteVarint::test_four_byte PASSED [ 24%]
tests/test_group_state_comprehensive.py::TestWriteVarint::test_too_large_raises PASSED [ 24%]
tests/test_group_state_comprehensive.py::TestWriteVarint::test_roundtrip[0] PASSED [ 24%]
tests/test_group_state_comprehensive.py::TestWriteVarint::test_roundtrip[1] PASSED [ 24%]
tests/test_group_state_comprehensive.py::TestWriteVarint::test_roundtrip[63] PASSED [ 25%]
tests/test_group_state_comprehensive.py::TestWriteVarint::test_roundtrip[64] PASSED [ 25%]
tests/test_group_state_comprehensive.py::TestWriteVarint::test_roundtrip[16383] PASSED [ 25%]
tests/test_group_state_comprehensive.py::TestWriteVarint::test_roundtrip[16384] PASSED [ 25%]
tests/test_group_state_comprehensive.py::TestWriteVarint::test_roundtrip[1073741823] PASSED [ 25%]
tests/test_group_state_comprehensive.py::TestOpaqueVarintGroupState::test_roundtrip PASSED [ 26%]
tests/test_group_state_comprehensive.py::TestSerializeExternalSendersExtension::test_basic PASSED [ 26%]
tests/test_group_state_comprehensive.py::TestSerializeExternalSendersExtension::test_contains_extension_type PASSED [ 26%]
tests/test_group_state_comprehensive.py::TestCheckNoDuplicateCredentials::test_single_member_no_error PASSED [ 26%]
tests/test_group_state_comprehensive.py::TestCreateCommitAndWelcome::test_basic_commit_after_update PASSED [ 27%]
tests/test_group_state_comprehensive.py::TestCreateRemoveProposalForSelf::test_returns_bytes PASSED [ 27%]
tests/test_group_state_comprehensive.py::TestCreateUpdateProposal::test_returns_bytes PASSED [ 27%]
tests/test_group_state_comprehensive.py::TestProtocolConstants::test_ciphersuite PASSED [ 27%]
tests/test_group_state_comprehensive.py::TestProtocolConstants::test_exporter_label PASSED [ 27%]
tests/test_group_state_comprehensive.py::TestProtocolConstants::test_exporter_length PASSED [ 28%]
tests/test_group_state_comprehensive.py::TestProtocolConstants::test_extension_type PASSED [ 28%]
tests/test_identity.py::test_displayable_code PASSED                     [ 28%]
tests/test_identity.py::test_fingerprint_symmetric PASSED                [ 28%]
tests/test_identity.py::test_epoch_authenticator PASSED                  [ 28%]
tests/test_identity_comprehensive.py::TestDisplayableCode::test_basic PASSED [ 29%]
tests/test_identity_comprehensive.py::TestDisplayableCode::test_zero_padded PASSED [ 29%]
tests/test_identity_comprehensive.py::TestDisplayableCode::test_group_size_1 PASSED [ 29%]
tests/test_identity_comprehensive.py::TestDisplayableCode::test_modulo_applied PASSED [ 29%]
tests/test_identity_comprehensive.py::TestDisplayableCode::test_total_not_multiple_raises PASSED [ 29%]
tests/test_identity_comprehensive.py::TestDisplayableCode::test_group_size_too_large_raises PASSED [ 30%]
tests/test_identity_comprehensive.py::TestDisplayableCode::test_data_too_short_raises PASSED [ 30%]
tests/test_identity_comprehensive.py::TestDisplayableCode::test_deterministic PASSED [ 30%]
tests/test_identity_comprehensive.py::TestDisplayableCode::test_different_data_different_codes PASSED [ 30%]
tests/test_identity_comprehensive.py::TestGenerateFingerprint::test_returns_45_digits PASSED [ 30%]
tests/test_identity_comprehensive.py::TestGenerateFingerprint::test_symmetric PASSED [ 31%]
tests/test_identity_comprehensive.py::TestGenerateFingerprint::test_different_keys_different_fingerprints PASSED [ 31%]
tests/test_identity_comprehensive.py::TestGenerateFingerprint::test_different_ids_different_fingerprints PASSED [ 31%]
tests/test_identity_comprehensive.py::TestGenerateFingerprint::test_deterministic PASSED [ 31%]
tests/test_identity_comprehensive.py::TestGenerateFingerprint::test_same_user_same_key PASSED [ 31%]
tests/test_identity_comprehensive.py::TestEpochAuthenticatorDisplay::test_returns_30_digits PASSED [ 32%]
tests/test_identity_comprehensive.py::TestEpochAuthenticatorDisplay::test_too_short_raises PASSED [ 32%]
tests/test_identity_comprehensive.py::TestEpochAuthenticatorDisplay::test_exactly_30_bytes PASSED [ 32%]
tests/test_identity_comprehensive.py::TestEpochAuthenticatorDisplay::test_deterministic PASSED [ 32%]
tests/test_identity_comprehensive.py::TestProtocolConstants::test_salt_length PASSED [ 32%]
tests/test_identity_comprehensive.py::TestProtocolConstants::test_version PASSED [ 33%]
tests/test_identity_comprehensive.py::TestProtocolConstants::test_scrypt_params PASSED [ 33%]
tests/test_identity_comprehensive.py::TestProtocolConstants::test_pairwise_digits PASSED [ 33%]
tests/test_identity_comprehensive.py::TestProtocolConstants::test_epoch_auth_digits PASSED [ 33%]
tests/test_integration.py::TestFullPipelineAllCodecs::test_roundtrip[OPUS-\xaa\xaa\xaa\xaa\xaa\xaa\xaa\xaa\xaa\xaa\xaa\xaa\xaa\xaa\xaa\xaa\xaa\xaa\xaa\xaa\xaa\xaa\xaa\xaa\xaa\xaa\xaa\xaa\xaa\xaa\xaa\xaa\xaa\xaa\xaa\xaa\xaa\xaa\xaa\xaa\xaa\xaa\xaa\xaa\xaa\xaa\xaa\xaa\xaa\xaa\xaa\xaa\xaa\xaa\xaa\xaa\xaa\xaa\xaa\xaa\xaa\xaa\xaa\xaa\xaa\xaa\xaa\xaa\xaa\xaa\xaa\xaa\xaa\xaa\xaa\xaa\xaa\xaa\xaa\xaa\xaa\xaa\xaa\xaa\xaa\xaa\xaa\xaa\xaa\xaa\xaa\xaa\xaa\xaa\xaa\xaa\xaa\xaa\xaa\xaa] PASSED [ 34%]
tests/test_integration.py::TestFullPipelineAllCodecs::test_roundtrip[VP9-\xbb\xbb\xbb\xbb\xbb\xbb\xbb\xbb\xbb\xbb\xbb\xbb\xbb\xbb\xbb\xbb\xbb\xbb\xbb\xbb\xbb\xbb\xbb\xbb\xbb\xbb\xbb\xbb\xbb\xbb\xbb\xbb\xbb\xbb\xbb\xbb\xbb\xbb\xbb\xbb\xbb\xbb\xbb\xbb\xbb\xbb\xbb\xbb\xbb\xbb\xbb\xbb\xbb\xbb\xbb\xbb\xbb\xbb\xbb\xbb\xbb\xbb\xbb\xbb\xbb\xbb\xbb\xbb\xbb\xbb\xbb\xbb\xbb\xbb\xbb\xbb\xbb\xbb\xbb\xbb] PASSED [ 34%]
tests/test_integration.py::TestFullPipelineAllCodecs::test_roundtrip[VP8-\x00\xcc\xcc\xcc\xcc\xcc\xcc\xcc\xcc\xcc\xcc\xcc\xcc\xcc\xcc\xcc\xcc\xcc\xcc\xcc\xcc\xcc\xcc\xcc\xcc\xcc\xcc\xcc\xcc\xcc\xcc\xcc\xcc\xcc\xcc\xcc\xcc\xcc\xcc\xcc\xcc\xcc\xcc\xcc\xcc\xcc\xcc\xcc\xcc\xcc\xcc] PASSED [ 34%]
tests/test_integration.py::TestFullPipelineAllCodecs::test_roundtrip[VP8-\x01\xdd\xdd\xdd\xdd\xdd\xdd\xdd\xdd\xdd\xdd\xdd\xdd\xdd\xdd\xdd\xdd\xdd\xdd\xdd\xdd\xdd\xdd\xdd\xdd\xdd\xdd\xdd\xdd\xdd\xdd\xdd\xdd\xdd\xdd\xdd\xdd\xdd\xdd\xdd\xdd\xdd\xdd\xdd\xdd\xdd\xdd\xdd\xdd\xdd\xdd] PASSED [ 34%]
tests/test_integration.py::TestFullPipelineAllCodecs::test_roundtrip[H264-\x00\x00\x01g\xee\xee\xee\xee\xee\xee\xee\xee\xee\xee\xee\xee\xee\xee\xee\xee\xee\xee\xee\xee\xee\xee\xee\xee\xee\xee\xee\xee\xee\xee] PASSED [ 34%]
tests/test_integration.py::TestFullPipelineAllCodecs::test_roundtrip[H265-\x00\x00\x01@\x00\xff\xff\xff\xff\xff\xff\xff\xff\xff\xff\xff\xff\xff\xff\xff\xff\xff\xff\xff\xff\xff\xff\xff\xff\xff\xff\xff\xff\xff\xff] PASSED [ 35%]
tests/test_integration.py::TestFullPipelineAllCodecs::test_roundtrip[AV1-\n\x03\xaa\xbb\xcc] PASSED [ 35%]
tests/test_integration.py::TestMultiFrameStream::test_100_sequential_frames PASSED [ 35%]
tests/test_integration.py::TestMultiFrameStream::test_out_of_order_within_gap PASSED [ 35%]
tests/test_integration.py::TestEpochTransition::test_epoch_advance_new_keys PASSED [ 35%]
tests/test_integration.py::TestEpochTransition::test_old_key_cannot_decrypt_new_epoch PASSED [ 36%]
tests/test_integration.py::TestSilenceAndPassthrough::test_silence_packet_passthrough PASSED [ 36%]
tests/test_integration.py::TestSilenceAndPassthrough::test_passthrough_mode_non_protocol PASSED [ 36%]
tests/test_integration.py::TestSilenceAndPassthrough::test_passthrough_encryptor PASSED [ 36%]
tests/test_integration.py::TestSilenceAndPassthrough::test_passthrough_decryptor_decrypts_protocol_frame PASSED [ 36%]
tests/test_integration.py::TestMultipleSenders::test_two_senders PASSED  [ 37%]
tests/test_integration.py::TestMultipleSenders::test_cross_sender_decryption_fails PASSED [ 37%]
tests/test_integration.py::TestEdgeCases::test_single_byte_frame PASSED  [ 37%]
tests/test_integration.py::TestEdgeCases::test_empty_frame PASSED        [ 37%]
tests/test_integration.py::TestEdgeCases::test_max_nonce_value_encrypt PASSED [ 37%]
tests/test_integration.py::TestEdgeCases::test_all_zeros_frame PASSED    [ 38%]
tests/test_integration.py::TestEdgeCases::test_all_ff_frame PASSED       [ 38%]
tests/test_integration.py::TestEdgeCases::test_frame_with_magic_bytes PASSED [ 38%]
tests/test_integration.py::TestEdgeCases::test_large_frame PASSED        [ 38%]
tests/test_integration.py::TestNonceReuseProtection::test_replay_rejected PASSED [ 38%]
tests/test_integration.py::TestNonceReuseProtection::test_different_nonces_accepted PASSED [ 39%]
tests/test_integration.py::TestTampering::test_bit_flip_ciphertext PASSED [ 39%]
tests/test_integration.py::TestTampering::test_bit_flip_tag PASSED       [ 39%]
tests/test_integration.py::TestTampering::test_truncated_frame PASSED    [ 39%]
tests/test_opcodes.py::test_parse_execute_transition_valid PASSED        [ 40%]
tests/test_opcodes.py::test_parse_execute_transition_missing_d PASSED    [ 40%]
tests/test_opcodes.py::test_parse_execute_transition_missing_transition_id PASSED [ 40%]
tests/test_opcodes.py::test_parse_execute_transition_invalid_json PASSED [ 40%]
tests/test_opcodes.py::test_parse_execute_transition_transition_id_out_of_range PASSED [ 40%]
tests/test_opcodes.py::test_build_invalid_commit_welcome_valid PASSED    [ 41%]
tests/test_opcodes.py::test_build_invalid_commit_welcome_out_of_range PASSED [ 41%]
tests/test_opcodes.py::test_parse_external_sender_package_minimal PASSED [ 41%]
tests/test_opcodes.py::test_parse_external_sender_package_wrong_opcode PASSED [ 41%]
tests/test_opcodes.py::test_parse_external_sender_package_too_short PASSED [ 41%]
tests/test_opcodes.py::test_build_key_package_message PASSED             [ 42%]
tests/test_opcodes.py::test_parse_proposals_append_minimal PASSED        [ 42%]
tests/test_opcodes.py::test_parse_proposals_revoke PASSED                [ 42%]
tests/test_opcodes.py::test_parse_proposals_wrong_opcode PASSED          [ 42%]
tests/test_opcodes.py::test_parse_proposals_unknown_operation_type PASSED [ 42%]
tests/test_opcodes.py::test_build_commit_welcome_commit_only PASSED      [ 43%]
tests/test_opcodes.py::test_build_commit_welcome_with_welcome PASSED     [ 43%]
tests/test_opcodes.py::test_parse_commit_welcome_wrong_opcode PASSED     [ 43%]
tests/test_opcodes.py::test_parse_announce_commit_minimal PASSED         [ 43%]
tests/test_opcodes.py::test_parse_announce_commit_wrong_opcode PASSED    [ 43%]
tests/test_opcodes.py::test_parse_welcome_message_minimal PASSED         [ 44%]
tests/test_opcodes.py::test_parse_welcome_message_wrong_opcode PASSED    [ 44%]
tests/test_opcodes_comprehensive.py::TestMlsVarint::test_1_byte PASSED   [ 44%]
tests/test_opcodes_comprehensive.py::TestMlsVarint::test_2_byte PASSED   [ 44%]
tests/test_opcodes_comprehensive.py::TestMlsVarint::test_4_byte PASSED   [ 44%]
tests/test_opcodes_comprehensive.py::TestMlsVarint::test_overflow_raises PASSED [ 45%]
tests/test_opcodes_comprehensive.py::TestMlsVarint::test_truncated_raises PASSED [ 45%]
tests/test_opcodes_comprehensive.py::TestMlsVarint::test_offset PASSED   [ 45%]
tests/test_opcodes_comprehensive.py::TestOpaqueVarint::test_roundtrip PASSED [ 45%]
tests/test_opcodes_comprehensive.py::TestOpaqueVarint::test_empty_payload PASSED [ 45%]
tests/test_opcodes_comprehensive.py::TestOpaqueVarint::test_truncated_raises PASSED [ 46%]
tests/test_opcodes_comprehensive.py::TestParseExternalSenderPackage::test_valid PASSED [ 46%]
tests/test_opcodes_comprehensive.py::TestParseExternalSenderPackage::test_wrong_opcode PASSED [ 46%]
tests/test_opcodes_comprehensive.py::TestParseExternalSenderPackage::test_too_short PASSED [ 46%]
tests/test_opcodes_comprehensive.py::TestParseExternalSenderPackage::test_empty_sig_key PASSED [ 47%]
tests/test_opcodes_comprehensive.py::TestParseExternalSenderPackage::test_large_seq PASSED [ 47%]
tests/test_opcodes_comprehensive.py::TestBuildKeyPackageMessage::test_basic PASSED [ 47%]
tests/test_opcodes_comprehensive.py::TestBuildKeyPackageMessage::test_empty_kp PASSED [ 47%]
tests/test_opcodes_comprehensive.py::TestParseProposals::test_append PASSED [ 47%]
tests/test_opcodes_comprehensive.py::TestParseProposals::test_revoke PASSED [ 48%]
tests/test_opcodes_comprehensive.py::TestParseProposals::test_wrong_opcode PASSED [ 48%]
tests/test_opcodes_comprehensive.py::TestParseProposals::test_unknown_op_type PASSED [ 48%]
tests/test_opcodes_comprehensive.py::TestParseProposals::test_too_short PASSED [ 48%]
tests/test_opcodes_comprehensive.py::TestSplitProposalMessagesVector::test_single_message PASSED [ 48%]
tests/test_opcodes_comprehensive.py::TestSplitProposalMessagesVector::test_multiple_messages PASSED [ 49%]
tests/test_opcodes_comprehensive.py::TestSplitProposalMessagesVector::test_empty PASSED [ 49%]
tests/test_opcodes_comprehensive.py::TestSplitProposalMessagesVector::test_truncated_graceful PASSED [ 49%]
tests/test_opcodes_comprehensive.py::TestBuildParseCommitWelcome::test_commit_only PASSED [ 49%]
tests/test_opcodes_comprehensive.py::TestBuildParseCommitWelcome::test_commit_with_welcome PASSED [ 49%]
tests/test_opcodes_comprehensive.py::TestBuildParseCommitWelcome::test_wrong_opcode PASSED [ 50%]
tests/test_opcodes_comprehensive.py::TestBuildParseCommitWelcome::test_empty_commit PASSED [ 50%]
tests/test_opcodes_comprehensive.py::TestBuildParseCommitWelcome::test_too_short PASSED [ 50%]
tests/test_opcodes_comprehensive.py::TestParseAnnounceCommit::test_valid PASSED [ 50%]
tests/test_opcodes_comprehensive.py::TestParseAnnounceCommit::test_wrong_opcode PASSED [ 50%]
tests/test_opcodes_comprehensive.py::TestParseAnnounceCommit::test_too_short PASSED [ 51%]
tests/test_opcodes_comprehensive.py::TestParseWelcomeMessage::test_valid PASSED [ 51%]
tests/test_opcodes_comprehensive.py::TestParseWelcomeMessage::test_wrong_opcode PASSED [ 51%]
tests/test_opcodes_comprehensive.py::TestParseWelcomeMessage::test_too_short PASSED [ 51%]
tests/test_opcodes_comprehensive.py::TestParseExecuteTransition::test_valid PASSED [ 51%]
tests/test_opcodes_comprehensive.py::TestParseExecuteTransition::test_missing_d PASSED [ 52%]
tests/test_opcodes_comprehensive.py::TestParseExecuteTransition::test_missing_tid PASSED [ 52%]
tests/test_opcodes_comprehensive.py::TestParseExecuteTransition::test_invalid_json PASSED [ 52%]
tests/test_opcodes_comprehensive.py::TestParseExecuteTransition::test_tid_out_of_range PASSED [ 52%]
tests/test_opcodes_comprehensive.py::TestParseExecuteTransition::test_tid_zero PASSED [ 52%]
tests/test_opcodes_comprehensive.py::TestParseExecuteTransition::test_tid_max PASSED [ 53%]
tests/test_opcodes_comprehensive.py::TestParseExecuteTransition::test_d_is_array PASSED [ 53%]
tests/test_opcodes_comprehensive.py::TestParseExecuteTransition::test_payload_is_array PASSED [ 53%]
tests/test_opcodes_comprehensive.py::TestParseExecuteTransition::test_tid_string_coercion PASSED [ 53%]
tests/test_opcodes_comprehensive.py::TestBuildInvalidCommitWelcome::test_valid PASSED [ 54%]
tests/test_opcodes_comprehensive.py::TestBuildInvalidCommitWelcome::test_out_of_range PASSED [ 54%]
tests/test_opcodes_comprehensive.py::TestBuildInvalidCommitWelcome::test_zero PASSED [ 54%]
tests/test_opcodes_comprehensive.py::TestBuildIdentify::test_basic PASSED [ 54%]
tests/test_opcodes_comprehensive.py::TestBuildIdentify::test_extra_fields PASSED [ 54%]
tests/test_opcodes_comprehensive.py::TestBuildIdentify::test_custom_version PASSED [ 55%]
tests/test_opcodes_comprehensive.py::TestParseSelectProtocolAck::test_valid PASSED [ 55%]
tests/test_opcodes_comprehensive.py::TestParseSelectProtocolAck::test_missing_d PASSED [ 55%]
tests/test_opcodes_comprehensive.py::TestParseSelectProtocolAck::test_missing_version PASSED [ 55%]
tests/test_opcodes_comprehensive.py::TestParseSelectProtocolAck::test_string_coercion PASSED [ 55%]
tests/test_opcodes_comprehensive.py::TestParseSelectProtocolAck::test_invalid_json PASSED [ 56%]
tests/test_opcodes_comprehensive.py::TestParseClientsConnect::test_valid PASSED [ 56%]
tests/test_opcodes_comprehensive.py::TestParseClientsConnect::test_empty_list PASSED [ 56%]
tests/test_opcodes_comprehensive.py::TestParseClientsConnect::test_not_strings PASSED [ 56%]
tests/test_opcodes_comprehensive.py::TestParseClientsConnect::test_missing_user_ids PASSED [ 56%]
tests/test_opcodes_comprehensive.py::TestParseClientDisconnect::test_valid PASSED [ 57%]
tests/test_opcodes_comprehensive.py::TestParseClientDisconnect::test_not_string PASSED [ 57%]
tests/test_opcodes_comprehensive.py::TestParseClientDisconnect::test_missing PASSED [ 57%]
tests/test_opcodes_comprehensive.py::TestParsePrepareTransition::test_valid PASSED [ 57%]
tests/test_opcodes_comprehensive.py::TestParsePrepareTransition::test_transition_id_zero PASSED [ 57%]
tests/test_opcodes_comprehensive.py::TestParsePrepareTransition::test_missing_fields PASSED [ 58%]
tests/test_opcodes_comprehensive.py::TestParsePrepareTransition::test_tid_out_of_range PASSED [ 58%]
tests/test_opcodes_comprehensive.py::TestParsePrepareTransition::test_negative_tid PASSED [ 58%]
tests/test_opcodes_comprehensive.py::TestBuildReadyForTransition::test_valid PASSED [ 58%]
tests/test_opcodes_comprehensive.py::TestBuildReadyForTransition::test_out_of_range PASSED [ 58%]
tests/test_opcodes_comprehensive.py::TestBuildReadyForTransition::test_zero PASSED [ 59%]
tests/test_opcodes_comprehensive.py::TestParsePrepareEpoch::test_valid PASSED [ 59%]
tests/test_opcodes_comprehensive.py::TestParsePrepareEpoch::test_epoch_zero PASSED [ 59%]
tests/test_opcodes_comprehensive.py::TestParsePrepareEpoch::test_missing_fields PASSED [ 59%]
tests/test_opcodes_comprehensive.py::TestOpcodeConstants::test_all_unique PASSED [ 60%]
tests/test_opcodes_comprehensive.py::TestOpcodeConstants::test_expected_values PASSED [ 60%]
tests/test_ratchet.py::test_ratchet_requires_16_byte_base_secret PASSED  [ 60%]
tests/test_ratchet.py::test_ratchet_get_key_for_generation_deterministic PASSED [ 60%]
tests/test_ratchet.py::test_ratchet_get_key_for_generation_out_of_order PASSED [ 60%]
tests/test_ratchet.py::test_ratchet_advance_epoch_clears_cache PASSED    [ 61%]
tests/test_ratchet.py::test_ratchet_max_forward_gap_rejects_large_generation PASSED [ 61%]
tests/test_ratchet.py::test_ratchet_max_forward_gap_allows_within_gap PASSED [ 61%]
tests/test_ratchet.py::test_ratchet_max_forward_gap_after_advancing_max_seen PASSED [ 61%]
tests/test_ratchet.py::test_ratchet_max_forward_gap_default PASSED       [ 61%]
tests/test_ratchet.py::test_ratchet_max_forward_gap_must_be_positive PASSED [ 62%]
tests/test_ratchet.py::test_ratchet_eviction PASSED                      [ 62%]
tests/test_ratchet_comprehensive.py::TestKeyRatchetInit::test_valid_init PASSED [ 62%]
tests/test_ratchet_comprehensive.py::TestKeyRatchetInit::test_wrong_secret_length_raises PASSED [ 62%]
tests/test_ratchet_comprehensive.py::TestKeyRatchetInit::test_max_forward_gap_zero_raises PASSED [ 62%]
tests/test_ratchet_comprehensive.py::TestKeyRatchetInit::test_max_forward_gap_negative_raises PASSED [ 63%]
tests/test_ratchet_comprehensive.py::TestKeyRatchetInit::test_custom_retention PASSED [ 63%]
tests/test_ratchet_comprehensive.py::TestKeyRatchetDerivation::test_key_length PASSED [ 63%]
tests/test_ratchet_comprehensive.py::TestKeyRatchetDerivation::test_deterministic PASSED [ 63%]
tests/test_ratchet_comprehensive.py::TestKeyRatchetDerivation::test_different_generations_different_keys PASSED [ 63%]
tests/test_ratchet_comprehensive.py::TestKeyRatchetDerivation::test_different_secrets_different_keys PASSED [ 64%]
tests/test_ratchet_comprehensive.py::TestKeyRatchetDerivation::test_out_of_order_access PASSED [ 64%]
tests/test_ratchet_comprehensive.py::TestKeyRatchetDerivation::test_generation_past_255 PASSED [ 64%]
tests/test_ratchet_comprehensive.py::TestKeyRatchetCache::test_cache_hit PASSED [ 64%]
tests/test_ratchet_comprehensive.py::TestKeyRatchetCache::test_max_generation_tracking PASSED [ 64%]
tests/test_ratchet_comprehensive.py::TestKeyRatchetForwardGap::test_exceeds_gap_raises PASSED [ 65%]
tests/test_ratchet_comprehensive.py::TestKeyRatchetForwardGap::test_within_gap_ok PASSED [ 65%]
tests/test_ratchet_comprehensive.py::TestKeyRatchetForwardGap::test_gap_moves_with_max_seen PASSED [ 65%]
tests/test_ratchet_comprehensive.py::TestKeyRatchetForwardGap::test_gap_from_zero_when_nothing_seen PASSED [ 65%]
tests/test_ratchet_comprehensive.py::TestKeyRatchetEviction::test_eviction_after_retention PASSED [ 65%]
tests/test_ratchet_comprehensive.py::TestKeyRatchetEviction::test_non_expired_entries_kept PASSED [ 66%]
tests/test_ratchet_comprehensive.py::TestKeyRatchetAdvanceEpoch::test_advance_clears_cache PASSED [ 66%]
tests/test_ratchet_comprehensive.py::TestKeyRatchetAdvanceEpoch::test_advance_resets_max_generation PASSED [ 66%]
tests/test_ratchet_comprehensive.py::TestKeyRatchetAdvanceEpoch::test_advance_bad_secret_raises PASSED [ 66%]
tests/test_ratchet_comprehensive.py::TestSenderBaseSecretFromExporter::test_returns_exporter_result PASSED [ 67%]
tests/test_session.py::test_session_prepare_epoch_1_returns_key_package_payload PASSED [ 67%]
tests/test_session.py::test_session_prepare_epoch_non_one_returns_none PASSED [ 67%]
tests/test_session.py::test_session_handle_external_sender_package_creates_group_and_encryptor PASSED [ 67%]
tests/test_session.py::test_session_execute_transition_no_op PASSED      [ 67%]
tests/test_session.py::test_session_handle_commit_invalid_raises PASSED  [ 68%]
tests/test_session.py::test_session_error_recovery_opcode_31_and_prepare_epoch PASSED [ 68%]
tests/test_session.py::test_session_leave_group_clears_state_and_returns_remove_proposal PASSED [ 68%]
tests/test_session.py::test_session_leave_group_no_group_returns_none PASSED [ 68%]
tests/test_session_comprehensive.py::TestDaveSessionInit::test_default_state PASSED [ 68%]
tests/test_session_comprehensive.py::TestDaveSessionInit::test_custom_version PASSED [ 69%]
tests/test_session_comprehensive.py::TestPrepareEpoch::test_epoch_1_returns_key_package PASSED [ 69%]
tests/test_session_comprehensive.py::TestPrepareEpoch::test_epoch_1_stores_key_package PASSED [ 69%]
tests/test_session_comprehensive.py::TestPrepareEpoch::test_epoch_non_1_returns_none PASSED [ 69%]
tests/test_session_comprehensive.py::TestPrepareEpoch::test_epoch_1_initializes_crypto PASSED [ 69%]
tests/test_session_comprehensive.py::TestPrepareEpoch::test_epoch_1_with_ext_sender_creates_group PASSED [ 70%]
tests/test_session_comprehensive.py::TestHandleExternalSenderPackage::test_stores_package PASSED [ 70%]
tests/test_session_comprehensive.py::TestHandleExternalSenderPackage::test_accepts_bytes PASSED [ 70%]
tests/test_session_comprehensive.py::TestHandleExternalSenderPackage::test_creates_group_if_kp_exists PASSED [ 70%]
tests/test_session_comprehensive.py::TestHandleExternalSenderPackage::test_no_group_if_no_kp PASSED [ 70%]
tests/test_session_comprehensive.py::TestHandleExternalSenderPackage::test_idempotent_if_group_exists PASSED [ 71%]
tests/test_session_comprehensive.py::TestHandlePrepareTransition::test_transition_id_zero_calls_execute PASSED [ 71%]
tests/test_session_comprehensive.py::TestHandlePrepareTransition::test_transition_id_nonzero_no_execute PASSED [ 71%]
tests/test_session_comprehensive.py::TestExecuteTransition::test_no_group_no_crash PASSED [ 71%]
tests/test_session_comprehensive.py::TestExecuteTransition::test_with_group_refreshes PASSED [ 71%]
tests/test_session_comprehensive.py::TestLeaveGroup::test_no_group_returns_none PASSED [ 72%]
tests/test_session_comprehensive.py::TestLeaveGroup::test_clears_state PASSED [ 72%]
tests/test_session_comprehensive.py::TestLeaveGroup::test_returns_remove_proposal_bytes PASSED [ 72%]
tests/test_session_comprehensive.py::TestGetEncryptor::test_no_group_raises PASSED [ 72%]
tests/test_session_comprehensive.py::TestGetEncryptor::test_with_group_returns_encryptor PASSED [ 72%]
tests/test_session_comprehensive.py::TestGetDecryptor::test_no_sender_raises PASSED [ 73%]
tests/test_session_comprehensive.py::TestHandleCommit::test_no_group_raises PASSED [ 73%]
tests/test_session_comprehensive.py::TestHandleProposals::test_no_group_returns_none PASSED [ 73%]
tests/test_session_comprehensive.py::TestHandleProposals::test_invalid_payload_returns_none PASSED [ 73%]
tests/test_session_comprehensive.py::TestHandleWelcome::test_no_hpke_key_raises PASSED [ 74%]
tests/test_session_comprehensive.py::TestSessionErrorRecovery::test_recovery_after_invalid_commit PASSED [ 74%]
tests/test_session_comprehensive.py::TestSessionLeafIndexToUserId::test_no_group_returns_none PASSED [ 74%]
tests/test_session_comprehensive.py::TestSessionLeafIndexToUserId::test_with_group PASSED [ 74%]
tests/test_transform_comprehensive.py::TestReplaceStartCode::test_no_start_code PASSED [ 74%]
tests/test_transform_comprehensive.py::TestReplaceStartCode::test_single_start_code PASSED [ 75%]
tests/test_transform_comprehensive.py::TestReplaceStartCode::test_multiple_start_codes PASSED [ 75%]
tests/test_transform_comprehensive.py::TestReplaceStartCode::test_empty PASSED [ 75%]
tests/test_transform_comprehensive.py::TestContainsStartCode::test_contains_3byte PASSED [ 75%]
tests/test_transform_comprehensive.py::TestContainsStartCode::test_contains_4byte PASSED [ 75%]
tests/test_transform_comprehensive.py::TestContainsStartCode::test_no_start_code PASSED [ 76%]
tests/test_transform_comprehensive.py::TestContainsStartCode::test_empty PASSED [ 76%]
tests/test_transform_comprehensive.py::TestContainsStartCode::test_too_short PASSED [ 76%]
tests/test_transform_comprehensive.py::TestApplyH26xStartCodeExpansion::test_empty_ranges PASSED [ 76%]
tests/test_transform_comprehensive.py::TestApplyH26xStartCodeExpansion::test_expansion_updates_offset PASSED [ 76%]
tests/test_transform_comprehensive.py::TestBuildSupplementalFooter::test_basic PASSED [ 77%]
tests/test_transform_comprehensive.py::TestBuildSupplementalFooter::test_with_ranges PASSED [ 77%]
tests/test_transform_comprehensive.py::TestParseSupplementalFromTail::test_roundtrip PASSED [ 77%]
tests/test_transform_comprehensive.py::TestParseSupplementalFromTail::test_with_ranges PASSED [ 77%]
tests/test_transform_comprehensive.py::TestParseSupplementalFromTail::test_too_short_raises PASSED [ 77%]
tests/test_transform_comprehensive.py::TestParseSupplementalFromTail::test_bad_magic_raises PASSED [ 78%]
tests/test_transform_comprehensive.py::TestParseSupplementalFromTail::test_invalid_suppl_size_raises PASSED [ 78%]
tests/test_transform_comprehensive.py::TestParseSupplementalFromTail::test_overlapping_ranges_raises PASSED [ 78%]
tests/test_transform_comprehensive.py::TestFrameEncryptor::test_basic_opus_encrypt PASSED [ 78%]
tests/test_transform_comprehensive.py::TestFrameEncryptor::test_passthrough_mode PASSED [ 78%]
tests/test_transform_comprehensive.py::TestFrameEncryptor::test_nonce_increments PASSED [ 79%]
tests/test_transform_comprehensive.py::TestFrameEncryptor::test_generation_wrap PASSED [ 79%]
tests/test_transform_comprehensive.py::TestFrameEncryptor::test_custom_nonce_supplier PASSED [ 79%]
tests/test_transform_comprehensive.py::TestFrameEncryptor::test_vp8_encrypt PASSED [ 79%]
tests/test_transform_comprehensive.py::TestFrameEncryptor::test_h264_encrypt PASSED [ 80%]
tests/test_transform_comprehensive.py::TestFrameEncryptor::test_av1_encrypt_with_transform PASSED [ 80%]
tests/test_transform_comprehensive.py::TestFrameEncryptor::test_empty_frame_encrypt PASSED [ 80%]
tests/test_transform_comprehensive.py::TestFrameEncryptor::test_large_frame PASSED [ 80%]
tests/test_transform_comprehensive.py::TestFrameDecryptor::test_roundtrip_opus PASSED [ 80%]
tests/test_transform_comprehensive.py::TestFrameDecryptor::test_roundtrip_vp8_keyframe PASSED [ 81%]
tests/test_transform_comprehensive.py::TestFrameDecryptor::test_roundtrip_vp8_delta PASSED [ 81%]
tests/test_transform_comprehensive.py::TestFrameDecryptor::test_roundtrip_h264 PASSED [ 81%]
tests/test_transform_comprehensive.py::TestFrameDecryptor::test_roundtrip_h265 PASSED [ 81%]
tests/test_transform_comprehensive.py::TestFrameDecryptor::test_roundtrip_vp9 PASSED [ 81%]
tests/test_transform_comprehensive.py::TestFrameDecryptor::test_roundtrip_empty PASSED [ 82%]
tests/test_transform_comprehensive.py::TestFrameDecryptor::test_roundtrip_large PASSED [ 82%]
tests/test_transform_comprehensive.py::TestFrameDecryptor::test_silence_packet_passthrough PASSED [ 82%]
tests/test_transform_comprehensive.py::TestFrameDecryptor::test_nonce_reuse_raises PASSED [ 82%]
tests/test_transform_comprehensive.py::TestFrameDecryptor::test_passthrough_mode_non_protocol_frame PASSED [ 82%]
tests/test_transform_comprehensive.py::TestFrameDecryptor::test_passthrough_mode_protocol_frame_decrypted PASSED [ 83%]
tests/test_transform_comprehensive.py::TestFrameDecryptor::test_wrong_key_raises PASSED [ 83%]
tests/test_transform_comprehensive.py::TestFrameDecryptor::test_tampered_ciphertext_raises PASSED [ 83%]
tests/test_transform_comprehensive.py::TestFrameDecryptor::test_multiple_frames_sequential PASSED [ 83%]
tests/test_transform_comprehensive.py::TestFrameDecryptorNonceWrap::test_wrap_count_increments PASSED [ 83%]
tests/test_transform_comprehensive.py::TestFrameDecryptorNonceWrap::test_generation_from_nonce_basic PASSED [ 84%]
tests/test_transform_comprehensive.py::TestFrameDecryptorNonceWrap::test_generation_from_nonce_after_wrap PASSED [ 84%]
tests/test_transform_comprehensive.py::TestFrameDecryptorNonceWrap::test_apply_nonce_seen_triggers_wrap PASSED [ 84%]
tests/test_transform_comprehensive.py::TestFrameDecryptorNonceWrap::test_seen_high_nonce_without_wrap_returns_256 PASSED [ 84%]
tests/test_transform_comprehensive.py::TestProtocolFrameCheck::test_valid_frame PASSED [ 84%]
tests/test_transform_comprehensive.py::TestProtocolFrameCheck::test_valid_with_ranges PASSED [ 85%]
tests/test_transform_comprehensive.py::TestProtocolFrameCheck::test_too_short PASSED [ 85%]
tests/test_transform_comprehensive.py::TestProtocolFrameCheck::test_bad_magic PASSED [ 85%]
tests/test_transform_comprehensive.py::TestProtocolFrameCheck::test_suppl_size_too_small PASSED [ 85%]
tests/test_transform_comprehensive.py::TestProtocolFrameCheck::test_suppl_size_too_large PASSED [ 85%]
tests/test_transform_comprehensive.py::TestProtocolFrameCheck::test_nonce_overflow_32bit PASSED [ 86%]
tests/test_transform_comprehensive.py::TestProtocolFrameCheck::test_overlapping_ranges PASSED [ 86%]
tests/test_transform_comprehensive.py::TestProtocolFrameCheck::test_range_exceeds_interleaved_bounds PASSED [ 86%]
tests/test_transform_comprehensive.py::TestProtocolFrameCheck::test_non_protocol_frame PASSED [ 86%]
tests/test_transform_comprehensive.py::TestProtocolFrameCheck::test_silence_packet_not_protocol PASSED [ 87%]
tests/test_transform_comprehensive.py::TestSilencePacket::test_value PASSED [ 87%]
tests/test_transform_comprehensive.py::TestSilencePacket::test_length PASSED [ 87%]
tests/test_types_exceptions.py::TestUnencryptedRange::test_creation PASSED [ 87%]
tests/test_types_exceptions.py::TestUnencryptedRange::test_frozen PASSED [ 87%]
tests/test_types_exceptions.py::TestUnencryptedRange::test_equality PASSED [ 88%]
tests/test_types_exceptions.py::TestUnencryptedRange::test_inequality PASSED [ 88%]
tests/test_types_exceptions.py::TestUnencryptedRange::test_hashable PASSED [ 88%]
tests/test_types_exceptions.py::TestProtocolSupplementalData::test_creation PASSED [ 88%]
tests/test_types_exceptions.py::TestProtocolSupplementalData::test_mutable PASSED [ 88%]
tests/test_types_exceptions.py::TestDaveConfiguration::test_defaults PASSED [ 89%]
tests/test_types_exceptions.py::TestDaveConfiguration::test_custom PASSED [ 89%]
tests/test_types_exceptions.py::TestDaveConfiguration::test_frozen PASSED [ 89%]
tests/test_types_exceptions.py::TestIdentityConfig::test_defaults PASSED [ 89%]
tests/test_types_exceptions.py::TestIdentityConfig::test_custom PASSED   [ 89%]
tests/test_types_exceptions.py::TestIdentityConfig::test_frozen PASSED   [ 90%]
tests/test_types_exceptions.py::TestExceptionHierarchy::test_base_exception PASSED [ 90%]
tests/test_types_exceptions.py::TestExceptionHierarchy::test_decryption_is_protocol PASSED [ 90%]
tests/test_types_exceptions.py::TestExceptionHierarchy::test_invalid_commit_is_protocol PASSED [ 90%]
tests/test_types_exceptions.py::TestExceptionHierarchy::test_catch_base_catches_decryption PASSED [ 90%]
tests/test_types_exceptions.py::TestExceptionHierarchy::test_catch_base_catches_invalid_commit PASSED [ 91%]
tests/test_types_exceptions.py::TestExceptionHierarchy::test_message_preserved PASSED [ 91%]
tests/test_types_exceptions.py::TestExceptionHierarchy::test_invalid_commit_message PASSED [ 91%]
tests/test_types_exceptions.py::TestExceptionHierarchy::test_all_instantiable PASSED [ 91%]
tests/test_uleb128.py::test_uleb128_roundtrip PASSED                     [ 91%]
tests/test_uleb128.py::test_uleb128_decode_offset PASSED                 [ 92%]
tests/test_uleb128_comprehensive.py::TestUleb128Encode::test_zero PASSED [ 92%]
tests/test_uleb128_comprehensive.py::TestUleb128Encode::test_one PASSED  [ 92%]
tests/test_uleb128_comprehensive.py::TestUleb128Encode::test_max_single_byte PASSED [ 92%]
tests/test_uleb128_comprehensive.py::TestUleb128Encode::test_min_two_bytes PASSED [ 92%]
tests/test_uleb128_comprehensive.py::TestUleb128Encode::test_max_two_bytes PASSED [ 93%]
tests/test_uleb128_comprehensive.py::TestUleb128Encode::test_three_bytes PASSED [ 93%]
tests/test_uleb128_comprehensive.py::TestUleb128Encode::test_large_32bit PASSED [ 93%]
tests/test_uleb128_comprehensive.py::TestUleb128Encode::test_large_value PASSED [ 93%]
tests/test_uleb128_comprehensive.py::TestUleb128Encode::test_negative_raises PASSED [ 94%]
tests/test_uleb128_comprehensive.py::TestUleb128Encode::test_protocol_pseudocode_match PASSED [ 94%]
tests/test_uleb128_comprehensive.py::TestUleb128Decode::test_zero PASSED [ 94%]
tests/test_uleb128_comprehensive.py::TestUleb128Decode::test_single_byte_max PASSED [ 94%]
tests/test_uleb128_comprehensive.py::TestUleb128Decode::test_two_bytes PASSED [ 94%]
tests/test_uleb128_comprehensive.py::TestUleb128Decode::test_offset_parameter PASSED [ 95%]
tests/test_uleb128_comprehensive.py::TestUleb128Decode::test_truncated_raises PASSED [ 95%]
tests/test_uleb128_comprehensive.py::TestUleb128Decode::test_truncated_mid_value PASSED [ 95%]
tests/test_uleb128_comprehensive.py::TestUleb128Decode::test_overflow_raises PASSED [ 95%]
tests/test_uleb128_comprehensive.py::TestUleb128Decode::test_continuation_bytes_only PASSED [ 95%]
tests/test_uleb128_comprehensive.py::TestUleb128Roundtrip::test_roundtrip[0] PASSED [ 96%]
tests/test_uleb128_comprehensive.py::TestUleb128Roundtrip::test_roundtrip[1] PASSED [ 96%]
tests/test_uleb128_comprehensive.py::TestUleb128Roundtrip::test_roundtrip[127] PASSED [ 96%]
tests/test_uleb128_comprehensive.py::TestUleb128Roundtrip::test_roundtrip[128] PASSED [ 96%]
tests/test_uleb128_comprehensive.py::TestUleb128Roundtrip::test_roundtrip[255] PASSED [ 96%]
tests/test_uleb128_comprehensive.py::TestUleb128Roundtrip::test_roundtrip[256] PASSED [ 97%]
tests/test_uleb128_comprehensive.py::TestUleb128Roundtrip::test_roundtrip[16383] PASSED [ 97%]
tests/test_uleb128_comprehensive.py::TestUleb128Roundtrip::test_roundtrip[16384] PASSED [ 97%]
tests/test_uleb128_comprehensive.py::TestUleb128Roundtrip::test_roundtrip[65535] PASSED [ 97%]
tests/test_uleb128_comprehensive.py::TestUleb128Roundtrip::test_roundtrip[16777215] PASSED [ 97%]
tests/test_uleb128_comprehensive.py::TestUleb128Roundtrip::test_roundtrip[4294967295] PASSED [ 98%]
tests/test_uleb128_comprehensive.py::TestUleb128Roundtrip::test_multiple_values_in_buffer PASSED [ 98%]
tests/test_voice_payloads_bin.py::test_voice_payload_bin_parses[recv_000010_op25.bin0] PASSED [ 98%]
tests/test_voice_payloads_bin.py::test_voice_payload_bin_parses[recv_000011_op27.bin0] PASSED [ 98%]
tests/test_voice_payloads_bin.py::test_voice_payload_bin_parses[sent_000006_op26.bin0] PASSED [ 98%]
tests/test_voice_payloads_bin.py::test_voice_payload_bin_parses[recv_000010_op25.bin1] PASSED [ 99%]
tests/test_voice_payloads_bin.py::test_voice_payload_bin_parses[recv_000011_op27.bin1] PASSED [ 99%]
tests/test_voice_payloads_bin.py::test_voice_payload_bin_parses[sent_000006_op26.bin1] PASSED [ 99%]
tests/test_voice_payloads_bin.py::test_voice_payload_bin_parses[sent_000008_op28.bin] PASSED [ 99%]
tests/test_voice_payloads_bin.py::test_voice_payloads_bin_at_least_one_dave_opcode PASSED [100%]

============================= 485 passed in 7.46s =============================
